// Jest Snapshot v1, https://goo.gl/fbAQLP

exports[`Pruebas en <GifGrid /> Debe mostrarse correctamente 1`] = `
<Fragment>
  <h3>
    Dragon Ball
  </h3>
  <p>
    Loading
  </p>
  <div
    className="card-grid"
  />
</Fragment>
`;
