// Jest Snapshot v1, https://goo.gl/fbAQLP

exports[`Pruebas en <GifGridItem> debe de mostrar el componente correctamente 1`] = `
<div
  className="card animate__animated animate__fadeInUp"
>
  <img
    alt="Un título"
    src="https://www.imagen.com/algo.jpg"
  />
  <p>
    Un título
  </p>
</div>
`;
